nohup: ignoring input
Building bench (workers=240)...

=== bench -n 1000 -seed 1 -depthcap 1 -label blind-d1 -out results/blind_d1.jsonl ===
Running 1000 games, 240 workers, base seed 1...
  10/1000 done (1s elapsed)
  20/1000 done (1s elapsed)
  30/1000 done (1s elapsed)
  40/1000 done (2s elapsed)
  50/1000 done (2s elapsed)
  60/1000 done (2s elapsed)
  70/1000 done (2s elapsed)
  80/1000 done (2s elapsed)
  90/1000 done (2s elapsed)
  100/1000 done (2s elapsed)
  110/1000 done (2s elapsed)
  120/1000 done (2s elapsed)
  130/1000 done (2s elapsed)
  140/1000 done (2s elapsed)
  150/1000 done (2s elapsed)
  160/1000 done (2s elapsed)
  170/1000 done (2s elapsed)
  180/1000 done (3s elapsed)
  190/1000 done (3s elapsed)
  200/1000 done (3s elapsed)
  210/1000 done (3s elapsed)
  220/1000 done (3s elapsed)
  230/1000 done (3s elapsed)
  240/1000 done (3s elapsed)
  250/1000 done (3s elapsed)
  260/1000 done (3s elapsed)
  270/1000 done (3s elapsed)
  280/1000 done (3s elapsed)
  290/1000 done (3s elapsed)
  300/1000 done (3s elapsed)
  310/1000 done (4s elapsed)
  320/1000 done (4s elapsed)
  330/1000 done (4s elapsed)
  340/1000 done (4s elapsed)
  350/1000 done (4s elapsed)
  360/1000 done (4s elapsed)
  370/1000 done (4s elapsed)
  380/1000 done (4s elapsed)
  390/1000 done (4s elapsed)
  400/1000 done (4s elapsed)
  410/1000 done (4s elapsed)
  420/1000 done (4s elapsed)
  430/1000 done (4s elapsed)
  440/1000 done (5s elapsed)
  450/1000 done (5s elapsed)
  460/1000 done (5s elapsed)
  470/1000 done (5s elapsed)
  480/1000 done (5s elapsed)
  490/1000 done (5s elapsed)
  500/1000 done (5s elapsed)
  510/1000 done (5s elapsed)
  520/1000 done (5s elapsed)
  530/1000 done (5s elapsed)
  540/1000 done (5s elapsed)
  550/1000 done (5s elapsed)
  560/1000 done (6s elapsed)
  570/1000 done (6s elapsed)
  580/1000 done (6s elapsed)
  590/1000 done (6s elapsed)
  600/1000 done (6s elapsed)
  610/1000 done (6s elapsed)
  620/1000 done (6s elapsed)
  630/1000 done (6s elapsed)
  640/1000 done (6s elapsed)
  650/1000 done (6s elapsed)
  660/1000 done (6s elapsed)
  670/1000 done (6s elapsed)
  680/1000 done (7s elapsed)
  690/1000 done (7s elapsed)
  700/1000 done (7s elapsed)
  710/1000 done (7s elapsed)
  720/1000 done (7s elapsed)
  730/1000 done (7s elapsed)
  740/1000 done (7s elapsed)
  750/1000 done (7s elapsed)
  760/1000 done (7s elapsed)
  770/1000 done (7s elapsed)
  780/1000 done (7s elapsed)
  790/1000 done (7s elapsed)
  800/1000 done (7s elapsed)
  810/1000 done (7s elapsed)
  820/1000 done (7s elapsed)
  830/1000 done (7s elapsed)
  840/1000 done (7s elapsed)
  850/1000 done (8s elapsed)
  860/1000 done (8s elapsed)
  870/1000 done (8s elapsed)
  880/1000 done (8s elapsed)
  890/1000 done (8s elapsed)
  900/1000 done (8s elapsed)
  910/1000 done (8s elapsed)
  920/1000 done (8s elapsed)
  930/1000 done (8s elapsed)
  940/1000 done (8s elapsed)
  950/1000 done (8s elapsed)
  960/1000 done (8s elapsed)
  970/1000 done (8s elapsed)
  980/1000 done (8s elapsed)
  990/1000 done (8s elapsed)
  1000/1000 done (8s elapsed)

==================== BASELINE REPORT ====================
games=1000  wall=7.8s  avg_game=0.01s

Score:
  mean        23109
  median      21594
  p90         62316
  p99         84336
  max        180387

Moves/game: 401    best max-tile: 3072
Search speed: 4.5 ms/move avg

Reach rate (games whose max tile >= T):
     192 :  98.1%  (981/1000)
     384 :  88.9%  (889/1000)
     768 :  55.0%  (550/1000)
    1536 :  11.4%  (114/1000)
    3072 :   0.1%  (1/1000)
    6144 :   0.0%  (0/1000)
   12288 :   0.0%  (0/1000)

Max-tile distribution:
      48 : 2
      96 : 17
     192 : 92
     384 : 339
     768 : 436
    1536 : 113
    3072 : 1
========================================================
New high-score replay: results/records/record_180387.json (score 180387)
Run summary appended to results/summaries.jsonl
Per-game JSONL written to results/blind_d1.jsonl

=== bench -n 1000 -seed 1 -depthcap 2 -label blind-d2 -out results/blind_d2.jsonl ===
Running 1000 games, 240 workers, base seed 1...
  10/1000 done (1s elapsed)
  20/1000 done (2s elapsed)
  30/1000 done (2s elapsed)
  40/1000 done (2s elapsed)
  50/1000 done (2s elapsed)
  60/1000 done (2s elapsed)
  70/1000 done (2s elapsed)
  80/1000 done (2s elapsed)
  90/1000 done (2s elapsed)
  100/1000 done (2s elapsed)
  110/1000 done (2s elapsed)
  120/1000 done (3s elapsed)
  130/1000 done (3s elapsed)
  140/1000 done (3s elapsed)
  150/1000 done (3s elapsed)
  160/1000 done (3s elapsed)
  170/1000 done (3s elapsed)
  180/1000 done (3s elapsed)
  190/1000 done (3s elapsed)
  200/1000 done (3s elapsed)
  210/1000 done (3s elapsed)
  220/1000 done (3s elapsed)
  230/1000 done (4s elapsed)
  240/1000 done (4s elapsed)
  250/1000 done (4s elapsed)
  260/1000 done (4s elapsed)
  270/1000 done (4s elapsed)
  280/1000 done (4s elapsed)
  290/1000 done (4s elapsed)
  300/1000 done (4s elapsed)
  310/1000 done (4s elapsed)
  320/1000 done (4s elapsed)
  330/1000 done (4s elapsed)
  340/1000 done (5s elapsed)
  350/1000 done (5s elapsed)
  360/1000 done (5s elapsed)
  370/1000 done (5s elapsed)
  380/1000 done (5s elapsed)
  390/1000 done (5s elapsed)
  400/1000 done (5s elapsed)
  410/1000 done (5s elapsed)
  420/1000 done (5s elapsed)
  430/1000 done (5s elapsed)
  440/1000 done (5s elapsed)
  450/1000 done (5s elapsed)
  460/1000 done (6s elapsed)
  470/1000 done (6s elapsed)
  480/1000 done (6s elapsed)
  490/1000 done (6s elapsed)
  500/1000 done (6s elapsed)
  510/1000 done (6s elapsed)
  520/1000 done (6s elapsed)
  530/1000 done (6s elapsed)
  540/1000 done (6s elapsed)
  550/1000 done (6s elapsed)
  560/1000 done (6s elapsed)
  570/1000 done (6s elapsed)
  580/1000 done (7s elapsed)
  590/1000 done (7s elapsed)
  600/1000 done (7s elapsed)
  610/1000 done (7s elapsed)
  620/1000 done (7s elapsed)
  630/1000 done (7s elapsed)
  640/1000 done (7s elapsed)
  650/1000 done (7s elapsed)
  660/1000 done (7s elapsed)
  670/1000 done (7s elapsed)
  680/1000 done (7s elapsed)
  690/1000 done (7s elapsed)
  700/1000 done (8s elapsed)
  710/1000 done (8s elapsed)
  720/1000 done (8s elapsed)
  730/1000 done (8s elapsed)
  740/1000 done (8s elapsed)
  750/1000 done (8s elapsed)
  760/1000 done (8s elapsed)
  770/1000 done (8s elapsed)
  780/1000 done (8s elapsed)
  790/1000 done (8s elapsed)
  800/1000 done (8s elapsed)
  810/1000 done (8s elapsed)
  820/1000 done (9s elapsed)
  830/1000 done (9s elapsed)
  840/1000 done (9s elapsed)
  850/1000 done (9s elapsed)
  860/1000 done (9s elapsed)
  870/1000 done (9s elapsed)
  880/1000 done (9s elapsed)
  890/1000 done (9s elapsed)
  900/1000 done (9s elapsed)
  910/1000 done (9s elapsed)
  920/1000 done (9s elapsed)
  930/1000 done (9s elapsed)
  940/1000 done (9s elapsed)
  950/1000 done (9s elapsed)
  960/1000 done (9s elapsed)
  970/1000 done (10s elapsed)
  980/1000 done (10s elapsed)
  990/1000 done (10s elapsed)
  1000/1000 done (10s elapsed)

==================== BASELINE REPORT ====================
games=1000  wall=10.1s  avg_game=0.01s

Score:
  mean        61211
  median      62844
  p90         90795
  p99        240972
  max        262839

Moves/game: 631    best max-tile: 3072
Search speed: 3.4 ms/move avg

Reach rate (games whose max tile >= T):
     192 :  99.8%  (998/1000)
     384 :  98.8%  (988/1000)
     768 :  91.2%  (912/1000)
    1536 :  53.4%  (534/1000)
    3072 :   6.7%  (67/1000)
    6144 :   0.0%  (0/1000)
   12288 :   0.0%  (0/1000)

Max-tile distribution:
      96 : 2
     192 : 10
     384 : 76
     768 : 378
    1536 : 467
    3072 : 67
========================================================
New high-score replay: results/records/record_262839.json (score 262839)
Run summary appended to results/summaries.jsonl
Per-game JSONL written to results/blind_d2.jsonl

=== bench -n 1000 -seed 1 -depthcap 3 -label blind-d3 -out results/blind_d3.jsonl ===
Running 1000 games, 240 workers, base seed 1...
  10/1000 done (32s elapsed)
  20/1000 done (39s elapsed)
  30/1000 done (42s elapsed)
  40/1000 done (46s elapsed)
  50/1000 done (49s elapsed)
  60/1000 done (51s elapsed)
  70/1000 done (52s elapsed)
  80/1000 done (55s elapsed)
  90/1000 done (57s elapsed)
  100/1000 done (59s elapsed)
  110/1000 done (63s elapsed)
  120/1000 done (65s elapsed)
  130/1000 done (67s elapsed)
  140/1000 done (69s elapsed)
  150/1000 done (72s elapsed)
  160/1000 done (74s elapsed)
  170/1000 done (77s elapsed)
  180/1000 done (80s elapsed)
  190/1000 done (82s elapsed)
  200/1000 done (84s elapsed)
  210/1000 done (86s elapsed)
  220/1000 done (89s elapsed)
  230/1000 done (92s elapsed)
  240/1000 done (94s elapsed)
  250/1000 done (97s elapsed)
  260/1000 done (99s elapsed)
  270/1000 done (101s elapsed)
  280/1000 done (104s elapsed)
  290/1000 done (105s elapsed)
  300/1000 done (107s elapsed)
  310/1000 done (110s elapsed)
  320/1000 done (113s elapsed)
  330/1000 done (116s elapsed)
  340/1000 done (118s elapsed)
  350/1000 done (121s elapsed)
  360/1000 done (124s elapsed)
  370/1000 done (127s elapsed)
  380/1000 done (129s elapsed)
  390/1000 done (134s elapsed)
  400/1000 done (136s elapsed)
  410/1000 done (139s elapsed)
  420/1000 done (142s elapsed)
  430/1000 done (144s elapsed)
  440/1000 done (146s elapsed)
  450/1000 done (147s elapsed)
  460/1000 done (149s elapsed)
  470/1000 done (151s elapsed)
  480/1000 done (154s elapsed)
  490/1000 done (157s elapsed)
  500/1000 done (160s elapsed)
  510/1000 done (164s elapsed)
  520/1000 done (167s elapsed)
  530/1000 done (168s elapsed)
  540/1000 done (171s elapsed)
  550/1000 done (173s elapsed)
  560/1000 done (176s elapsed)
  570/1000 done (180s elapsed)
  580/1000 done (184s elapsed)
  590/1000 done (189s elapsed)
  600/1000 done (192s elapsed)
  610/1000 done (193s elapsed)
  620/1000 done (197s elapsed)
  630/1000 done (199s elapsed)
  640/1000 done (202s elapsed)
  650/1000 done (204s elapsed)
  660/1000 done (205s elapsed)
  670/1000 done (208s elapsed)
  680/1000 done (211s elapsed)
  690/1000 done (212s elapsed)
  700/1000 done (214s elapsed)
  710/1000 done (217s elapsed)
  720/1000 done (220s elapsed)
  730/1000 done (222s elapsed)
  740/1000 done (224s elapsed)
  750/1000 done (227s elapsed)
  760/1000 done (229s elapsed)
  770/1000 done (232s elapsed)
  780/1000 done (236s elapsed)
  790/1000 done (238s elapsed)
  800/1000 done (240s elapsed)
  810/1000 done (243s elapsed)
  820/1000 done (245s elapsed)
  830/1000 done (247s elapsed)
  840/1000 done (248s elapsed)
  850/1000 done (250s elapsed)
  860/1000 done (252s elapsed)
  870/1000 done (254s elapsed)
  880/1000 done (256s elapsed)
  890/1000 done (257s elapsed)
  900/1000 done (260s elapsed)
  910/1000 done (262s elapsed)
  920/1000 done (264s elapsed)
  930/1000 done (266s elapsed)
  940/1000 done (269s elapsed)
  950/1000 done (271s elapsed)
  960/1000 done (272s elapsed)
  970/1000 done (278s elapsed)
  980/1000 done (280s elapsed)
  990/1000 done (284s elapsed)
  1000/1000 done (300s elapsed)

==================== BASELINE REPORT ====================
games=1000  wall=300.1s  avg_game=0.30s

Score:
  mean       111253
  median      86802
  p90        239214
  p99        272481
  max        750507

Moves/game: 814    best max-tile: 6144
Search speed: 75.7 ms/move avg

Reach rate (games whose max tile >= T):
     192 : 100.0%  (1000/1000)
     384 : 100.0%  (1000/1000)
     768 :  98.5%  (985/1000)
    1536 :  79.0%  (790/1000)
    3072 :  26.1%  (261/1000)
    6144 :   0.9%  (9/1000)
   12288 :   0.0%  (0/1000)

Max-tile distribution:
     384 : 15
     768 : 195
    1536 : 529
    3072 : 252
    6144 : 9
========================================================
New high-score replay: results/records/record_750507.json (score 750507)
Run summary appended to results/summaries.jsonl
Per-game JSONL written to results/blind_d3.jsonl

=== bench -n 1000 -seed 1 -depthcap 4 -label blind-d4 -out results/blind_d4.jsonl ===
Running 1000 games, 240 workers, base seed 1...
  10/1000 done (146s elapsed)
  20/1000 done (181s elapsed)
  30/1000 done (217s elapsed)
  40/1000 done (245s elapsed)
  50/1000 done (266s elapsed)
  60/1000 done (283s elapsed)
  70/1000 done (291s elapsed)
  80/1000 done (303s elapsed)
  90/1000 done (317s elapsed)
  100/1000 done (336s elapsed)
  110/1000 done (358s elapsed)
  120/1000 done (381s elapsed)
  130/1000 done (395s elapsed)
  140/1000 done (411s elapsed)
  150/1000 done (426s elapsed)
  160/1000 done (438s elapsed)
  170/1000 done (460s elapsed)
  180/1000 done (480s elapsed)
  190/1000 done (501s elapsed)
  200/1000 done (510s elapsed)
  210/1000 done (526s elapsed)
  220/1000 done (534s elapsed)
  230/1000 done (543s elapsed)
  240/1000 done (558s elapsed)
  250/1000 done (580s elapsed)
  260/1000 done (598s elapsed)
  270/1000 done (613s elapsed)
  280/1000 done (625s elapsed)
  290/1000 done (639s elapsed)
  300/1000 done (657s elapsed)
  310/1000 done (668s elapsed)
  320/1000 done (680s elapsed)
  330/1000 done (696s elapsed)
  340/1000 done (724s elapsed)
  350/1000 done (736s elapsed)
  360/1000 done (750s elapsed)
  370/1000 done (765s elapsed)
  380/1000 done (786s elapsed)
  390/1000 done (802s elapsed)
  400/1000 done (820s elapsed)
  410/1000 done (833s elapsed)
  420/1000 done (847s elapsed)
  430/1000 done (862s elapsed)
  440/1000 done (872s elapsed)
  450/1000 done (881s elapsed)
  460/1000 done (900s elapsed)
  470/1000 done (917s elapsed)
  480/1000 done (942s elapsed)
  490/1000 done (953s elapsed)
  500/1000 done (964s elapsed)
  510/1000 done (976s elapsed)
  520/1000 done (1010s elapsed)
  530/1000 done (1028s elapsed)
  540/1000 done (1042s elapsed)
  550/1000 done (1058s elapsed)
  560/1000 done (1075s elapsed)
  570/1000 done (1094s elapsed)
  580/1000 done (1107s elapsed)
  590/1000 done (1125s elapsed)
  600/1000 done (1144s elapsed)
  610/1000 done (1156s elapsed)
  620/1000 done (1179s elapsed)
  630/1000 done (1190s elapsed)
  640/1000 done (1203s elapsed)
  650/1000 done (1220s elapsed)
  660/1000 done (1240s elapsed)
  670/1000 done (1256s elapsed)
  680/1000 done (1270s elapsed)
  690/1000 done (1284s elapsed)
  700/1000 done (1290s elapsed)
  710/1000 done (1311s elapsed)
  720/1000 done (1323s elapsed)
  730/1000 done (1342s elapsed)
  740/1000 done (1357s elapsed)
  750/1000 done (1374s elapsed)
  760/1000 done (1391s elapsed)
  770/1000 done (1405s elapsed)
  780/1000 done (1428s elapsed)
  790/1000 done (1447s elapsed)
  800/1000 done (1457s elapsed)
  810/1000 done (1471s elapsed)
  820/1000 done (1488s elapsed)
  830/1000 done (1496s elapsed)
  840/1000 done (1508s elapsed)
  850/1000 done (1517s elapsed)
  860/1000 done (1535s elapsed)
  870/1000 done (1548s elapsed)
  880/1000 done (1555s elapsed)
  890/1000 done (1561s elapsed)
  900/1000 done (1571s elapsed)
  910/1000 done (1588s elapsed)
  920/1000 done (1596s elapsed)
  930/1000 done (1607s elapsed)
  940/1000 done (1617s elapsed)
  950/1000 done (1634s elapsed)
  960/1000 done (1648s elapsed)
  970/1000 done (1661s elapsed)
  980/1000 done (1691s elapsed)
  990/1000 done (1712s elapsed)
  1000/1000 done (1882s elapsed)

==================== BASELINE REPORT ====================
games=1000  wall=1881.5s  avg_game=1.88s

Score:
  mean       179460
  median     187533
  p90        267450
  p99        655038
  max        792270

Moves/game: 977    best max-tile: 6144
Search speed: 382.3 ms/move avg

Reach rate (games whose max tile >= T):
     192 : 100.0%  (1000/1000)
     384 : 100.0%  (1000/1000)
     768 :  99.8%  (998/1000)
    1536 :  90.9%  (909/1000)
    3072 :  51.9%  (519/1000)
    6144 :   5.9%  (59/1000)
   12288 :   0.0%  (0/1000)

Max-tile distribution:
     384 : 2
     768 : 89
    1536 : 390
    3072 : 460
    6144 : 59
========================================================
New high-score replay: results/records/record_792270.json (score 792270)
Run summary appended to results/summaries.jsonl
Per-game JSONL written to results/blind_d4.jsonl

=== bench -n 1000 -seed 1 -depthcap 5 -label blind-d5 -out results/blind_d5.jsonl ===
Running 1000 games, 240 workers, base seed 1...
  10/1000 done (470s elapsed)
  20/1000 done (601s elapsed)
  30/1000 done (777s elapsed)
  40/1000 done (916s elapsed)
  50/1000 done (968s elapsed)
  60/1000 done (1052s elapsed)
  70/1000 done (1130s elapsed)
  80/1000 done (1201s elapsed)
  90/1000 done (1273s elapsed)
  100/1000 done (1363s elapsed)
  110/1000 done (1414s elapsed)
  120/1000 done (1509s elapsed)
  130/1000 done (1548s elapsed)
  140/1000 done (1602s elapsed)
  150/1000 done (1673s elapsed)
  160/1000 done (1745s elapsed)
  170/1000 done (1778s elapsed)
  180/1000 done (1853s elapsed)
  190/1000 done (1893s elapsed)
  200/1000 done (1932s elapsed)
  210/1000 done (2007s elapsed)
  220/1000 done (2092s elapsed)
  230/1000 done (2165s elapsed)
  240/1000 done (2233s elapsed)
  250/1000 done (2296s elapsed)
  260/1000 done (2354s elapsed)
  270/1000 done (2399s elapsed)
  280/1000 done (2453s elapsed)
  290/1000 done (2498s elapsed)
  300/1000 done (2517s elapsed)
  310/1000 done (2606s elapsed)
  320/1000 done (2721s elapsed)
  330/1000 done (2831s elapsed)
  340/1000 done (2889s elapsed)
  350/1000 done (2963s elapsed)
  360/1000 done (3027s elapsed)
  370/1000 done (3129s elapsed)
  380/1000 done (3219s elapsed)
  390/1000 done (3289s elapsed)
  400/1000 done (3382s elapsed)
  410/1000 done (3456s elapsed)
  420/1000 done (3501s elapsed)
  430/1000 done (3545s elapsed)
  440/1000 done (3599s elapsed)
  450/1000 done (3643s elapsed)
  460/1000 done (3667s elapsed)
  470/1000 done (3702s elapsed)
  480/1000 done (3795s elapsed)
  490/1000 done (3872s elapsed)
  500/1000 done (3960s elapsed)
  510/1000 done (4000s elapsed)
  520/1000 done (4074s elapsed)
  530/1000 done (4137s elapsed)
  540/1000 done (4218s elapsed)
  550/1000 done (4341s elapsed)
  560/1000 done (4411s elapsed)
  570/1000 done (4480s elapsed)
  580/1000 done (4532s elapsed)
  590/1000 done (4580s elapsed)
  600/1000 done (4627s elapsed)
  610/1000 done (4701s elapsed)
  620/1000 done (4767s elapsed)
  630/1000 done (4855s elapsed)
  640/1000 done (4921s elapsed)
  650/1000 done (4992s elapsed)
  660/1000 done (5086s elapsed)
  670/1000 done (5183s elapsed)
  680/1000 done (5272s elapsed)
  690/1000 done (5350s elapsed)
  700/1000 done (5402s elapsed)
  710/1000 done (5497s elapsed)
  720/1000 done (5569s elapsed)
  730/1000 done (5609s elapsed)
  740/1000 done (5692s elapsed)
  750/1000 done (5753s elapsed)
  760/1000 done (5818s elapsed)
  770/1000 done (5867s elapsed)
  780/1000 done (5921s elapsed)
  790/1000 done (5980s elapsed)
  800/1000 done (6053s elapsed)
  810/1000 done (6110s elapsed)
  820/1000 done (6197s elapsed)
  830/1000 done (6241s elapsed)
  840/1000 done (6295s elapsed)
  850/1000 done (6340s elapsed)
  860/1000 done (6381s elapsed)
  870/1000 done (6429s elapsed)
  880/1000 done (6453s elapsed)
  890/1000 done (6492s elapsed)
  900/1000 done (6522s elapsed)
  910/1000 done (6564s elapsed)
  920/1000 done (6608s elapsed)
  930/1000 done (6652s elapsed)
  940/1000 done (6712s elapsed)
  950/1000 done (6774s elapsed)
  960/1000 done (6871s elapsed)
  970/1000 done (7005s elapsed)
  980/1000 done (7109s elapsed)
  990/1000 done (7241s elapsed)
  1000/1000 done (7598s elapsed)

==================== BASELINE REPORT ====================
games=1000  wall=7598.0s  avg_game=7.60s

Score:
  mean       234732
  median     213213
  p90        563160
  p99        757152
  max       1833213

Moves/game: 1088    best max-tile: 12288
Search speed: 1429.3 ms/move avg

Reach rate (games whose max tile >= T):
     192 : 100.0%  (1000/1000)
     384 : 100.0%  (1000/1000)
     768 :  99.6%  (996/1000)
    1536 :  96.3%  (963/1000)
    3072 :  68.0%  (680/1000)
    6144 :  11.6%  (116/1000)
   12288 :   0.1%  (1/1000)

Max-tile distribution:
     384 : 4
     768 : 33
    1536 : 283
    3072 : 564
    6144 : 115
   12288 : 1
========================================================
New high-score replay: results/records/record_1833213.json (score 1833213)
Run summary appended to results/summaries.jsonl
Per-game JSONL written to results/blind_d5.jsonl

=== bench -n 1000 -seed 1 -depthcap 6 -label blind-d6 -out results/blind_d6.jsonl ===
Running 1000 games, 240 workers, base seed 1...
  10/1000 done (698s elapsed)
  20/1000 done (1109s elapsed)
  30/1000 done (1356s elapsed)
  40/1000 done (1489s elapsed)
  50/1000 done (1670s elapsed)
  60/1000 done (1814s elapsed)
  70/1000 done (1927s elapsed)
  80/1000 done (2043s elapsed)
  90/1000 done (2193s elapsed)
  100/1000 done (2345s elapsed)
  110/1000 done (2584s elapsed)
  120/1000 done (2711s elapsed)
  130/1000 done (2779s elapsed)
  140/1000 done (2919s elapsed)
  150/1000 done (3044s elapsed)
  160/1000 done (3173s elapsed)
  170/1000 done (3271s elapsed)
  180/1000 done (3420s elapsed)
  190/1000 done (3542s elapsed)
  200/1000 done (3722s elapsed)
  210/1000 done (3845s elapsed)
  220/1000 done (4022s elapsed)
  230/1000 done (4168s elapsed)
  240/1000 done (4244s elapsed)
  250/1000 done (4303s elapsed)
  260/1000 done (4380s elapsed)
  270/1000 done (4564s elapsed)
  280/1000 done (4670s elapsed)
  290/1000 done (4799s elapsed)
  300/1000 done (4933s elapsed)
  310/1000 done (5131s elapsed)
  320/1000 done (5249s elapsed)
  330/1000 done (5386s elapsed)
  340/1000 done (5533s elapsed)
  350/1000 done (5675s elapsed)
  360/1000 done (5790s elapsed)
  370/1000 done (5893s elapsed)
  380/1000 done (6010s elapsed)
  390/1000 done (6157s elapsed)
  400/1000 done (6317s elapsed)
  410/1000 done (6401s elapsed)
  420/1000 done (6564s elapsed)
  430/1000 done (6698s elapsed)
  440/1000 done (6768s elapsed)
  450/1000 done (6897s elapsed)
  460/1000 done (6979s elapsed)
  470/1000 done (7094s elapsed)
  480/1000 done (7292s elapsed)
  490/1000 done (7414s elapsed)
  500/1000 done (7502s elapsed)
  510/1000 done (7599s elapsed)
  520/1000 done (7704s elapsed)
  530/1000 done (7828s elapsed)
  540/1000 done (7926s elapsed)
  550/1000 done (8062s elapsed)
  560/1000 done (8174s elapsed)
  570/1000 done (8275s elapsed)
  580/1000 done (8383s elapsed)
  590/1000 done (8534s elapsed)
  600/1000 done (8630s elapsed)
  610/1000 done (8746s elapsed)
  620/1000 done (8958s elapsed)
  630/1000 done (9084s elapsed)
  640/1000 done (9255s elapsed)
  650/1000 done (9384s elapsed)
  660/1000 done (9476s elapsed)
  670/1000 done (9552s elapsed)
  680/1000 done (9744s elapsed)
  690/1000 done (9955s elapsed)
  700/1000 done (10091s elapsed)
  710/1000 done (10192s elapsed)
  720/1000 done (10383s elapsed)
  730/1000 done (10519s elapsed)
  740/1000 done (10625s elapsed)
  750/1000 done (10723s elapsed)
  760/1000 done (10930s elapsed)
  770/1000 done (11079s elapsed)
  780/1000 done (11184s elapsed)
  790/1000 done (11313s elapsed)
  800/1000 done (11369s elapsed)
  810/1000 done (11445s elapsed)
  820/1000 done (11553s elapsed)
  830/1000 done (11635s elapsed)
  840/1000 done (11759s elapsed)
  850/1000 done (11892s elapsed)
  860/1000 done (11948s elapsed)
  870/1000 done (12038s elapsed)
  880/1000 done (12165s elapsed)
  890/1000 done (12215s elapsed)
  900/1000 done (12329s elapsed)
  910/1000 done (12397s elapsed)
  920/1000 done (12477s elapsed)
  930/1000 done (12601s elapsed)
  940/1000 done (12710s elapsed)
  950/1000 done (12844s elapsed)
  960/1000 done (13102s elapsed)
  970/1000 done (13425s elapsed)
  980/1000 done (13710s elapsed)
  990/1000 done (14068s elapsed)
  1000/1000 done (15212s elapsed)

==================== BASELINE REPORT ====================
games=1000  wall=15212.0s  avg_game=15.21s

Score:
  mean       264119
  median     244110
  p90        614364
  p99        789933
  max        816846

Moves/game: 1138    best max-tile: 6144
Search speed: 2586.8 ms/move avg

Reach rate (games whose max tile >= T):
     192 : 100.0%  (1000/1000)
     384 : 100.0%  (1000/1000)
     768 :  99.6%  (996/1000)
    1536 :  96.5%  (965/1000)
    3072 :  72.2%  (722/1000)
    6144 :  16.4%  (164/1000)
   12288 :   0.0%  (0/1000)

Max-tile distribution:
     384 : 4
     768 : 31
    1536 : 243
    3072 : 558
    6144 : 164
========================================================
No new record this run (existing record score 1833213 not beaten)
Run summary appended to results/summaries.jsonl
Per-game JSONL written to results/blind_d6.jsonl

=== bench -n 1000 -seed 1 -depthcap 1 -deckaware -label aware-d1 -out results/aware_d1.jsonl ===
Running 1000 games, 240 workers, base seed 1...
  10/1000 done (1s elapsed)
  20/1000 done (1s elapsed)
  30/1000 done (1s elapsed)
  40/1000 done (1s elapsed)
  50/1000 done (2s elapsed)
  60/1000 done (2s elapsed)
  70/1000 done (2s elapsed)
  80/1000 done (2s elapsed)
  90/1000 done (2s elapsed)
  100/1000 done (2s elapsed)
  110/1000 done (2s elapsed)
  120/1000 done (2s elapsed)
  130/1000 done (2s elapsed)
  140/1000 done (2s elapsed)
  150/1000 done (2s elapsed)
  160/1000 done (2s elapsed)
  170/1000 done (2s elapsed)
  180/1000 done (3s elapsed)
  190/1000 done (3s elapsed)
  200/1000 done (3s elapsed)
  210/1000 done (3s elapsed)
  220/1000 done (3s elapsed)
  230/1000 done (3s elapsed)
  240/1000 done (3s elapsed)
  250/1000 done (3s elapsed)
  260/1000 done (3s elapsed)
  270/1000 done (3s elapsed)
  280/1000 done (3s elapsed)
  290/1000 done (3s elapsed)
  300/1000 done (4s elapsed)
  310/1000 done (4s elapsed)
  320/1000 done (4s elapsed)
  330/1000 done (4s elapsed)
  340/1000 done (4s elapsed)
  350/1000 done (4s elapsed)
  360/1000 done (4s elapsed)
  370/1000 done (4s elapsed)
  380/1000 done (4s elapsed)
  390/1000 done (4s elapsed)
  400/1000 done (4s elapsed)
  410/1000 done (4s elapsed)
  420/1000 done (4s elapsed)
  430/1000 done (5s elapsed)
  440/1000 done (5s elapsed)
  450/1000 done (5s elapsed)
  460/1000 done (5s elapsed)
  470/1000 done (5s elapsed)
  480/1000 done (5s elapsed)
  490/1000 done (5s elapsed)
  500/1000 done (5s elapsed)
  510/1000 done (5s elapsed)
  520/1000 done (5s elapsed)
  530/1000 done (5s elapsed)
  540/1000 done (5s elapsed)
  550/1000 done (6s elapsed)
  560/1000 done (6s elapsed)
  570/1000 done (6s elapsed)
  580/1000 done (6s elapsed)
  590/1000 done (6s elapsed)
  600/1000 done (6s elapsed)
  610/1000 done (6s elapsed)
  620/1000 done (6s elapsed)
  630/1000 done (6s elapsed)
  640/1000 done (6s elapsed)
  650/1000 done (6s elapsed)
  660/1000 done (6s elapsed)
  670/1000 done (6s elapsed)
  680/1000 done (6s elapsed)
  690/1000 done (7s elapsed)
  700/1000 done (7s elapsed)
  710/1000 done (7s elapsed)
  720/1000 done (7s elapsed)
  730/1000 done (7s elapsed)
  740/1000 done (7s elapsed)
  750/1000 done (7s elapsed)
  760/1000 done (7s elapsed)
  770/1000 done (7s elapsed)
  780/1000 done (7s elapsed)
  790/1000 done (7s elapsed)
  800/1000 done (7s elapsed)
  810/1000 done (7s elapsed)
  820/1000 done (8s elapsed)
  830/1000 done (8s elapsed)
  840/1000 done (8s elapsed)
  850/1000 done (8s elapsed)
  860/1000 done (8s elapsed)
  870/1000 done (8s elapsed)
  880/1000 done (8s elapsed)
  890/1000 done (8s elapsed)
  900/1000 done (8s elapsed)
  910/1000 done (8s elapsed)
  920/1000 done (8s elapsed)
  930/1000 done (8s elapsed)
  940/1000 done (8s elapsed)
  950/1000 done (8s elapsed)
  960/1000 done (8s elapsed)
  970/1000 done (8s elapsed)
  980/1000 done (8s elapsed)
  990/1000 done (8s elapsed)
  1000/1000 done (8s elapsed)

==================== BASELINE REPORT ====================
games=1000  wall=7.9s  avg_game=0.01s

Score:
  mean        23872
  median      21711
  p90         62373
  p99         87144
  max        201066

Moves/game: 402    best max-tile: 3072
Search speed: 4.5 ms/move avg

Reach rate (games whose max tile >= T):
     192 :  98.7%  (987/1000)
     384 :  88.9%  (889/1000)
     768 :  55.8%  (558/1000)
    1536 :  12.4%  (124/1000)
    3072 :   0.2%  (2/1000)
    6144 :   0.0%  (0/1000)
   12288 :   0.0%  (0/1000)

Max-tile distribution:
      48 : 1
      96 : 12
     192 : 98
     384 : 331
     768 : 434
    1536 : 122
    3072 : 2
========================================================
No new record this run (existing record score 1833213 not beaten)
Run summary appended to results/summaries.jsonl
Per-game JSONL written to results/aware_d1.jsonl

=== bench -n 1000 -seed 1 -depthcap 2 -deckaware -label aware-d2 -out results/aware_d2.jsonl ===
Running 1000 games, 240 workers, base seed 1...
  10/1000 done (1s elapsed)
  20/1000 done (1s elapsed)
  30/1000 done (2s elapsed)
  40/1000 done (2s elapsed)
  50/1000 done (2s elapsed)
  60/1000 done (2s elapsed)
  70/1000 done (2s elapsed)
  80/1000 done (2s elapsed)
  90/1000 done (2s elapsed)
  100/1000 done (2s elapsed)
  110/1000 done (2s elapsed)
  120/1000 done (2s elapsed)
  130/1000 done (2s elapsed)
  140/1000 done (3s elapsed)
  150/1000 done (3s elapsed)
  160/1000 done (3s elapsed)
  170/1000 done (3s elapsed)
  180/1000 done (3s elapsed)
  190/1000 done (3s elapsed)
  200/1000 done (3s elapsed)
  210/1000 done (3s elapsed)
  220/1000 done (3s elapsed)
  230/1000 done (3s elapsed)
  240/1000 done (3s elapsed)
  250/1000 done (3s elapsed)
  260/1000 done (3s elapsed)
  270/1000 done (4s elapsed)
  280/1000 done (4s elapsed)
  290/1000 done (4s elapsed)
  300/1000 done (4s elapsed)
  310/1000 done (4s elapsed)
  320/1000 done (4s elapsed)
  330/1000 done (4s elapsed)
  340/1000 done (4s elapsed)
  350/1000 done (4s elapsed)
  360/1000 done (4s elapsed)
  370/1000 done (4s elapsed)
  380/1000 done (5s elapsed)
  390/1000 done (5s elapsed)
  400/1000 done (5s elapsed)
  410/1000 done (5s elapsed)
  420/1000 done (5s elapsed)
  430/1000 done (5s elapsed)
  440/1000 done (5s elapsed)
  450/1000 done (5s elapsed)
  460/1000 done (5s elapsed)
  470/1000 done (5s elapsed)
  480/1000 done (5s elapsed)
  490/1000 done (5s elapsed)
  500/1000 done (5s elapsed)
  510/1000 done (6s elapsed)
  520/1000 done (6s elapsed)
  530/1000 done (6s elapsed)
  540/1000 done (6s elapsed)
  550/1000 done (6s elapsed)
  560/1000 done (6s elapsed)
  570/1000 done (6s elapsed)
  580/1000 done (6s elapsed)
  590/1000 done (6s elapsed)
  600/1000 done (6s elapsed)
  610/1000 done (6s elapsed)
  620/1000 done (6s elapsed)
  630/1000 done (7s elapsed)
  640/1000 done (7s elapsed)
  650/1000 done (7s elapsed)
  660/1000 done (7s elapsed)
  670/1000 done (7s elapsed)
  680/1000 done (7s elapsed)
  690/1000 done (7s elapsed)
  700/1000 done (7s elapsed)
  710/1000 done (7s elapsed)
  720/1000 done (7s elapsed)
  730/1000 done (7s elapsed)
  740/1000 done (8s elapsed)
  750/1000 done (8s elapsed)
  760/1000 done (8s elapsed)
  770/1000 done (8s elapsed)
  780/1000 done (8s elapsed)
  790/1000 done (8s elapsed)
  800/1000 done (8s elapsed)
  810/1000 done (8s elapsed)
  820/1000 done (8s elapsed)
  830/1000 done (8s elapsed)
  840/1000 done (8s elapsed)
  850/1000 done (8s elapsed)
  860/1000 done (8s elapsed)
  870/1000 done (8s elapsed)
  880/1000 done (8s elapsed)
  890/1000 done (8s elapsed)
  900/1000 done (8s elapsed)
  910/1000 done (9s elapsed)
  920/1000 done (9s elapsed)
  930/1000 done (9s elapsed)
  940/1000 done (9s elapsed)
  950/1000 done (9s elapsed)
  960/1000 done (9s elapsed)
  970/1000 done (9s elapsed)
  980/1000 done (9s elapsed)
  990/1000 done (9s elapsed)
  1000/1000 done (10s elapsed)

==================== BASELINE REPORT ====================
games=1000  wall=9.7s  avg_game=0.01s

Score:
  mean        63184
  median      63177
  p90         92490
  p99        246204
  max        594141

Moves/game: 642    best max-tile: 6144
Search speed: 3.1 ms/move avg

Reach rate (games whose max tile >= T):
     192 : 100.0%  (1000/1000)
     384 :  99.2%  (992/1000)
     768 :  90.3%  (903/1000)
    1536 :  53.1%  (531/1000)
    3072 :   7.5%  (75/1000)
    6144 :   0.1%  (1/1000)
   12288 :   0.0%  (0/1000)

Max-tile distribution:
     192 : 8
     384 : 89
     768 : 372
    1536 : 456
    3072 : 74
    6144 : 1
========================================================
No new record this run (existing record score 1833213 not beaten)
Run summary appended to results/summaries.jsonl
Per-game JSONL written to results/aware_d2.jsonl

=== bench -n 1000 -seed 1 -depthcap 3 -deckaware -label aware-d3 -out results/aware_d3.jsonl ===
Running 1000 games, 240 workers, base seed 1...
  10/1000 done (28s elapsed)
  20/1000 done (33s elapsed)
  30/1000 done (37s elapsed)
  40/1000 done (39s elapsed)
  50/1000 done (41s elapsed)
  60/1000 done (44s elapsed)
  70/1000 done (47s elapsed)
  80/1000 done (49s elapsed)
  90/1000 done (51s elapsed)
  100/1000 done (53s elapsed)
  110/1000 done (55s elapsed)
  120/1000 done (57s elapsed)
  130/1000 done (59s elapsed)
  140/1000 done (60s elapsed)
  150/1000 done (62s elapsed)
  160/1000 done (65s elapsed)
  170/1000 done (67s elapsed)
  180/1000 done (68s elapsed)
  190/1000 done (70s elapsed)
  200/1000 done (72s elapsed)
  210/1000 done (73s elapsed)
  220/1000 done (75s elapsed)
  230/1000 done (79s elapsed)
  240/1000 done (81s elapsed)
  250/1000 done (84s elapsed)
  260/1000 done (88s elapsed)
  270/1000 done (89s elapsed)
  280/1000 done (91s elapsed)
  290/1000 done (94s elapsed)
  300/1000 done (98s elapsed)
  310/1000 done (99s elapsed)
  320/1000 done (101s elapsed)
  330/1000 done (104s elapsed)
  340/1000 done (107s elapsed)
  350/1000 done (108s elapsed)
  360/1000 done (111s elapsed)
  370/1000 done (113s elapsed)
  380/1000 done (116s elapsed)
  390/1000 done (119s elapsed)
  400/1000 done (122s elapsed)
  410/1000 done (123s elapsed)
  420/1000 done (126s elapsed)
  430/1000 done (128s elapsed)
  440/1000 done (131s elapsed)
  450/1000 done (134s elapsed)
  460/1000 done (136s elapsed)
  470/1000 done (139s elapsed)
  480/1000 done (142s elapsed)
  490/1000 done (144s elapsed)
  500/1000 done (147s elapsed)
  510/1000 done (149s elapsed)
  520/1000 done (152s elapsed)
  530/1000 done (154s elapsed)
  540/1000 done (155s elapsed)
  550/1000 done (157s elapsed)
  560/1000 done (158s elapsed)
  570/1000 done (160s elapsed)
  580/1000 done (163s elapsed)
  590/1000 done (164s elapsed)
  600/1000 done (167s elapsed)
  610/1000 done (169s elapsed)
  620/1000 done (172s elapsed)
  630/1000 done (174s elapsed)
  640/1000 done (178s elapsed)
  650/1000 done (180s elapsed)
  660/1000 done (183s elapsed)
  670/1000 done (185s elapsed)
  680/1000 done (188s elapsed)
  690/1000 done (190s elapsed)
  700/1000 done (192s elapsed)
  710/1000 done (195s elapsed)
  720/1000 done (197s elapsed)
  730/1000 done (198s elapsed)
  740/1000 done (201s elapsed)
  750/1000 done (205s elapsed)
  760/1000 done (207s elapsed)
  770/1000 done (210s elapsed)
  780/1000 done (212s elapsed)
  790/1000 done (214s elapsed)
  800/1000 done (216s elapsed)
  810/1000 done (218s elapsed)
  820/1000 done (218s elapsed)
  830/1000 done (220s elapsed)
  840/1000 done (222s elapsed)
  850/1000 done (223s elapsed)
  860/1000 done (225s elapsed)
  870/1000 done (227s elapsed)
  880/1000 done (229s elapsed)
  890/1000 done (230s elapsed)
  900/1000 done (232s elapsed)
  910/1000 done (233s elapsed)
  920/1000 done (234s elapsed)
  930/1000 done (236s elapsed)
  940/1000 done (237s elapsed)
  950/1000 done (239s elapsed)
  960/1000 done (241s elapsed)
  970/1000 done (243s elapsed)
  980/1000 done (246s elapsed)
  990/1000 done (249s elapsed)
  1000/1000 done (259s elapsed)

==================== BASELINE REPORT ====================
games=1000  wall=259.4s  avg_game=0.26s

Score:
  mean       117292
  median      87405
  p90        239007
  p99        547206
  max        732342

Moves/game: 832    best max-tile: 6144
Search speed: 65.9 ms/move avg

Reach rate (games whose max tile >= T):
     192 :  99.9%  (999/1000)
     384 :  99.8%  (998/1000)
     768 :  97.7%  (977/1000)
    1536 :  81.5%  (815/1000)
    3072 :  28.8%  (288/1000)
    6144 :   1.3%  (13/1000)
   12288 :   0.0%  (0/1000)

Max-tile distribution:
      96 : 1
     192 : 1
     384 : 21
     768 : 162
    1536 : 527
    3072 : 275
    6144 : 13
========================================================
No new record this run (existing record score 1833213 not beaten)
Run summary appended to results/summaries.jsonl
Per-game JSONL written to results/aware_d3.jsonl

=== bench -n 1000 -seed 1 -depthcap 4 -deckaware -label aware-d4 -out results/aware_d4.jsonl ===
Running 1000 games, 240 workers, base seed 1...
  10/1000 done (139s elapsed)
  20/1000 done (195s elapsed)
  30/1000 done (213s elapsed)
  40/1000 done (235s elapsed)
  50/1000 done (245s elapsed)
  60/1000 done (256s elapsed)
  70/1000 done (269s elapsed)
  80/1000 done (277s elapsed)
  90/1000 done (292s elapsed)
  100/1000 done (301s elapsed)
  110/1000 done (321s elapsed)
  120/1000 done (339s elapsed)
  130/1000 done (356s elapsed)
  140/1000 done (365s elapsed)
  150/1000 done (381s elapsed)
  160/1000 done (403s elapsed)
  170/1000 done (417s elapsed)
  180/1000 done (427s elapsed)
  190/1000 done (433s elapsed)
  200/1000 done (449s elapsed)
  210/1000 done (455s elapsed)
  220/1000 done (469s elapsed)
  230/1000 done (479s elapsed)
  240/1000 done (490s elapsed)
  250/1000 done (512s elapsed)
  260/1000 done (521s elapsed)
  270/1000 done (537s elapsed)
  280/1000 done (560s elapsed)
  290/1000 done (567s elapsed)
  300/1000 done (581s elapsed)
  310/1000 done (600s elapsed)
  320/1000 done (616s elapsed)
  330/1000 done (631s elapsed)
  340/1000 done (643s elapsed)
  350/1000 done (669s elapsed)
  360/1000 done (679s elapsed)
  370/1000 done (695s elapsed)
  380/1000 done (714s elapsed)
  390/1000 done (726s elapsed)
  400/1000 done (736s elapsed)
  410/1000 done (754s elapsed)
  420/1000 done (777s elapsed)
  430/1000 done (791s elapsed)
  440/1000 done (804s elapsed)
  450/1000 done (818s elapsed)
  460/1000 done (824s elapsed)
  470/1000 done (836s elapsed)
  480/1000 done (850s elapsed)
  490/1000 done (862s elapsed)
  500/1000 done (874s elapsed)
  510/1000 done (889s elapsed)
  520/1000 done (904s elapsed)
  530/1000 done (912s elapsed)
  540/1000 done (919s elapsed)
  550/1000 done (933s elapsed)
  560/1000 done (955s elapsed)
  570/1000 done (973s elapsed)
  580/1000 done (1000s elapsed)
  590/1000 done (1020s elapsed)
  600/1000 done (1038s elapsed)
  610/1000 done (1050s elapsed)
  620/1000 done (1066s elapsed)
  630/1000 done (1079s elapsed)
  640/1000 done (1100s elapsed)
  650/1000 done (1111s elapsed)
  660/1000 done (1125s elapsed)
  670/1000 done (1137s elapsed)
  680/1000 done (1148s elapsed)
  690/1000 done (1171s elapsed)
  700/1000 done (1182s elapsed)
  710/1000 done (1198s elapsed)
  720/1000 done (1211s elapsed)
  730/1000 done (1226s elapsed)
  740/1000 done (1246s elapsed)
  750/1000 done (1255s elapsed)
  760/1000 done (1271s elapsed)
  770/1000 done (1283s elapsed)
  780/1000 done (1300s elapsed)
  790/1000 done (1314s elapsed)
  800/1000 done (1324s elapsed)
  810/1000 done (1336s elapsed)
  820/1000 done (1348s elapsed)
  830/1000 done (1362s elapsed)
  840/1000 done (1374s elapsed)
  850/1000 done (1386s elapsed)
  860/1000 done (1391s elapsed)
  870/1000 done (1397s elapsed)
  880/1000 done (1409s elapsed)
  890/1000 done (1414s elapsed)
  900/1000 done (1423s elapsed)
  910/1000 done (1429s elapsed)
  920/1000 done (1436s elapsed)
  930/1000 done (1457s elapsed)
  940/1000 done (1465s elapsed)
  950/1000 done (1474s elapsed)
  960/1000 done (1488s elapsed)
  970/1000 done (1508s elapsed)
  980/1000 done (1530s elapsed)
  990/1000 done (1551s elapsed)
  1000/1000 done (1681s elapsed)

==================== BASELINE REPORT ====================
games=1000  wall=1680.8s  avg_game=1.68s

Score:
  mean       177042
  median     188079
  p90        266454
  p99        671793
  max        860298

Moves/game: 989    best max-tile: 6144
Search speed: 342.4 ms/move avg

Reach rate (games whose max tile >= T):
     192 : 100.0%  (1000/1000)
     384 :  99.9%  (999/1000)
     768 :  99.4%  (994/1000)
    1536 :  93.0%  (930/1000)
    3072 :  51.9%  (519/1000)
    6144 :   4.6%  (46/1000)
   12288 :   0.0%  (0/1000)

Max-tile distribution:
     192 : 1
     384 : 5
     768 : 64
    1536 : 411
    3072 : 473
    6144 : 46
========================================================
No new record this run (existing record score 1833213 not beaten)
Run summary appended to results/summaries.jsonl
Per-game JSONL written to results/aware_d4.jsonl

=== bench -n 1000 -seed 1 -depthcap 5 -deckaware -label aware-d5 -out results/aware_d5.jsonl ===
Running 1000 games, 240 workers, base seed 1...
  10/1000 done (640s elapsed)
  20/1000 done (744s elapsed)
  30/1000 done (869s elapsed)
  40/1000 done (991s elapsed)
  50/1000 done (1041s elapsed)
  60/1000 done (1125s elapsed)
  70/1000 done (1176s elapsed)
  80/1000 done (1271s elapsed)
  90/1000 done (1315s elapsed)
  100/1000 done (1379s elapsed)
  110/1000 done (1474s elapsed)
  120/1000 done (1550s elapsed)
  130/1000 done (1587s elapsed)
  140/1000 done (1643s elapsed)
  150/1000 done (1678s elapsed)
  160/1000 done (1760s elapsed)
  170/1000 done (1805s elapsed)
  180/1000 done (1864s elapsed)
  190/1000 done (1929s elapsed)
  200/1000 done (1978s elapsed)
  210/1000 done (2012s elapsed)
  220/1000 done (2066s elapsed)
  230/1000 done (2146s elapsed)
  240/1000 done (2220s elapsed)
  250/1000 done (2268s elapsed)
  260/1000 done (2366s elapsed)
  270/1000 done (2419s elapsed)
  280/1000 done (2460s elapsed)
  290/1000 done (2544s elapsed)
  300/1000 done (2613s elapsed)
  310/1000 done (2657s elapsed)
  320/1000 done (2744s elapsed)
  330/1000 done (2794s elapsed)
  340/1000 done (2903s elapsed)
  350/1000 done (2993s elapsed)
  360/1000 done (3077s elapsed)
  370/1000 done (3174s elapsed)
  380/1000 done (3211s elapsed)
  390/1000 done (3275s elapsed)
  400/1000 done (3314s elapsed)
  410/1000 done (3412s elapsed)
  420/1000 done (3480s elapsed)
  430/1000 done (3539s elapsed)
  440/1000 done (3579s elapsed)
  450/1000 done (3621s elapsed)
  460/1000 done (3670s elapsed)
  470/1000 done (3731s elapsed)
  480/1000 done (3778s elapsed)
  490/1000 done (3829s elapsed)
  500/1000 done (3902s elapsed)
  510/1000 done (3958s elapsed)
  520/1000 done (4012s elapsed)
  530/1000 done (4087s elapsed)
  540/1000 done (4133s elapsed)
  550/1000 done (4204s elapsed)
  560/1000 done (4291s elapsed)
  570/1000 done (4362s elapsed)
  580/1000 done (4463s elapsed)
  590/1000 done (4522s elapsed)
  600/1000 done (4607s elapsed)
  610/1000 done (4672s elapsed)
  620/1000 done (4755s elapsed)
  630/1000 done (4794s elapsed)
  640/1000 done (4869s elapsed)
  650/1000 done (4916s elapsed)
  660/1000 done (4977s elapsed)
  670/1000 done (5033s elapsed)
  680/1000 done (5101s elapsed)
  690/1000 done (5167s elapsed)
  700/1000 done (5225s elapsed)
  710/1000 done (5272s elapsed)
  720/1000 done (5353s elapsed)
  730/1000 done (5397s elapsed)
  740/1000 done (5504s elapsed)
  750/1000 done (5548s elapsed)
  760/1000 done (5597s elapsed)
  770/1000 done (5627s elapsed)
  780/1000 done (5696s elapsed)
  790/1000 done (5738s elapsed)
  800/1000 done (5774s elapsed)
  810/1000 done (5850s elapsed)
  820/1000 done (5896s elapsed)
  830/1000 done (5964s elapsed)
  840/1000 done (6031s elapsed)
  850/1000 done (6066s elapsed)
  860/1000 done (6109s elapsed)
  870/1000 done (6140s elapsed)
  880/1000 done (6174s elapsed)
  890/1000 done (6196s elapsed)
  900/1000 done (6237s elapsed)
  910/1000 done (6281s elapsed)
  920/1000 done (6338s elapsed)
  930/1000 done (6395s elapsed)
  940/1000 done (6476s elapsed)
  950/1000 done (6572s elapsed)
  960/1000 done (6625s elapsed)
  970/1000 done (6717s elapsed)
  980/1000 done (6802s elapsed)
  990/1000 done (6932s elapsed)
  1000/1000 done (7398s elapsed)

==================== BASELINE REPORT ====================
games=1000  wall=7398.2s  avg_game=7.40s

Score:
  mean       251707
  median     219912
  p90        600621
  p99        775137
  max        810066

Moves/game: 1114    best max-tile: 6144
Search speed: 1337.7 ms/move avg

Reach rate (games whose max tile >= T):
     192 : 100.0%  (1000/1000)
     384 : 100.0%  (1000/1000)
     768 :  99.8%  (998/1000)
    1536 :  96.6%  (966/1000)
    3072 :  69.8%  (698/1000)
    6144 :  15.2%  (152/1000)
   12288 :   0.0%  (0/1000)

Max-tile distribution:
     384 : 2
     768 : 32
    1536 : 268
    3072 : 546
    6144 : 152
========================================================
No new record this run (existing record score 1833213 not beaten)
Run summary appended to results/summaries.jsonl
Per-game JSONL written to results/aware_d5.jsonl

=== bench -n 1000 -seed 1 -depthcap 6 -deckaware -label aware-d6 -out results/aware_d6.jsonl ===
Running 1000 games, 240 workers, base seed 1...
  10/1000 done (1046s elapsed)
  20/1000 done (1284s elapsed)
  30/1000 done (1491s elapsed)
  40/1000 done (1637s elapsed)
  50/1000 done (1802s elapsed)
  60/1000 done (1926s elapsed)
  70/1000 done (2117s elapsed)
  80/1000 done (2320s elapsed)
  90/1000 done (2559s elapsed)
  100/1000 done (2650s elapsed)
  110/1000 done (2884s elapsed)
  120/1000 done (2987s elapsed)
  130/1000 done (3117s elapsed)
  140/1000 done (3335s elapsed)
  150/1000 done (3473s elapsed)
  160/1000 done (3561s elapsed)
  170/1000 done (3641s elapsed)
  180/1000 done (3703s elapsed)
  190/1000 done (3846s elapsed)
  200/1000 done (4033s elapsed)
  210/1000 done (4116s elapsed)
  220/1000 done (4229s elapsed)
  230/1000 done (4338s elapsed)
  240/1000 done (4507s elapsed)
  250/1000 done (4650s elapsed)
  260/1000 done (4824s elapsed)
  270/1000 done (4932s elapsed)
  280/1000 done (5071s elapsed)
  290/1000 done (5211s elapsed)
  300/1000 done (5319s elapsed)
  310/1000 done (5484s elapsed)
  320/1000 done (5564s elapsed)
  330/1000 done (5672s elapsed)
  340/1000 done (5771s elapsed)
  350/1000 done (5981s elapsed)
  360/1000 done (6098s elapsed)
  370/1000 done (6239s elapsed)
  380/1000 done (6382s elapsed)
  390/1000 done (6528s elapsed)
  400/1000 done (6658s elapsed)
  410/1000 done (6728s elapsed)
  420/1000 done (6891s elapsed)
  430/1000 done (7215s elapsed)
  440/1000 done (7293s elapsed)
  450/1000 done (7426s elapsed)
  460/1000 done (7521s elapsed)
  470/1000 done (7645s elapsed)
  480/1000 done (7798s elapsed)
  490/1000 done (7935s elapsed)
  500/1000 done (8047s elapsed)
  510/1000 done (8171s elapsed)
  520/1000 done (8287s elapsed)
  530/1000 done (8404s elapsed)
  540/1000 done (8547s elapsed)
  550/1000 done (8720s elapsed)
  560/1000 done (8830s elapsed)
  570/1000 done (8946s elapsed)
  580/1000 done (9030s elapsed)
  590/1000 done (9105s elapsed)
  600/1000 done (9201s elapsed)
  610/1000 done (9324s elapsed)
  620/1000 done (9511s elapsed)
  630/1000 done (9669s elapsed)
  640/1000 done (9836s elapsed)
  650/1000 done (9952s elapsed)
  660/1000 done (10126s elapsed)
  670/1000 done (10218s elapsed)
  680/1000 done (10368s elapsed)
  690/1000 done (10476s elapsed)
  700/1000 done (10591s elapsed)
  710/1000 done (10876s elapsed)
  720/1000 done (10991s elapsed)
  730/1000 done (11090s elapsed)
  740/1000 done (11220s elapsed)
  750/1000 done (11325s elapsed)
  760/1000 done (11446s elapsed)
  770/1000 done (11576s elapsed)
  780/1000 done (11731s elapsed)
  790/1000 done (11813s elapsed)
  800/1000 done (11975s elapsed)
  810/1000 done (12021s elapsed)
  820/1000 done (12151s elapsed)
  830/1000 done (12258s elapsed)
  840/1000 done (12415s elapsed)
  850/1000 done (12589s elapsed)
  860/1000 done (12779s elapsed)
  870/1000 done (12876s elapsed)
  880/1000 done (12945s elapsed)
  890/1000 done (13021s elapsed)
  900/1000 done (13112s elapsed)
  910/1000 done (13186s elapsed)
  920/1000 done (13281s elapsed)
  930/1000 done (13356s elapsed)
  940/1000 done (13472s elapsed)
  950/1000 done (13599s elapsed)
  960/1000 done (13764s elapsed)
  970/1000 done (13885s elapsed)
  980/1000 done (14293s elapsed)
  990/1000 done (14897s elapsed)
  1000/1000 done (16024s elapsed)

==================== BASELINE REPORT ====================
games=1000  wall=16024.2s  avg_game=16.02s

Score:
  mean       301228
  median     248169
  p90        637617
  p99       1682877
  max       2161704

Moves/game: 1182    best max-tile: 12288
Search speed: 2628.7 ms/move avg

Reach rate (games whose max tile >= T):
     192 : 100.0%  (1000/1000)
     384 : 100.0%  (1000/1000)
     768 :  99.8%  (998/1000)
    1536 :  97.7%  (977/1000)
    3072 :  73.9%  (739/1000)
    6144 :  21.2%  (212/1000)
   12288 :   1.1%  (11/1000)

Max-tile distribution:
     384 : 2
     768 : 21
    1536 : 238
    3072 : 527
    6144 : 201
   12288 : 11
========================================================
New high-score replay: results/records/record_2161704.json (score 2161704)
Run summary appended to results/summaries.jsonl
Per-game JSONL written to results/aware_d6.jsonl

All done. Per-run summaries: results/summaries.jsonl
Best replay across all runs: results/records/
