nohup: ignoring input
Building train-ms...
T10 multi-stage: warm-start models/ntuple_big.gob (72702310 bytes), stages=10,13, big, alpha=0.1, 20000000 games, seeds from 100000000 -> models/ntuple_ms.gob
Multi-stage: 3 stages, index bounds [10 13], warm-start models/ntuple_big.gob, 4 tuples/stage, eval seeds 1..1000 (train from 100000000)
Stage map: idx[0,10) | idx[10,13) | idx>=13
[       0 games |     0s] eval(N=1000): mean=   23507 median=  22806 max=   88347 | 3072= 0.0% 6144= 0.0% | touched [0 0 0]
[  500000 games |  1269s] eval(N=1000): mean=   25785 median=  23058 max=  187038 | 3072= 0.1% 6144= 0.0% | touched [94127894 103475188 1354]
[ 1000000 games |  2526s] eval(N=1000): mean=   25134 median=  23001 max=   86409 | 3072= 0.0% 6144= 0.0% | touched [187531315 208145787 4131]
[ 1500000 games |  3793s] eval(N=1000): mean=   25842 median=  23148 max=   99678 | 3072= 0.0% 6144= 0.0% | touched [280517485 313746959 6437]
[ 2000000 games |  5040s] eval(N=1000): mean=   25170 median=  22992 max=   84606 | 3072= 0.0% 6144= 0.0% | touched [373413912 419843914 7275]
[ 2500000 games |  6244s] eval(N=1000): mean=   25277 median=  23007 max=   87720 | 3072= 0.0% 6144= 0.0% | touched [465985681 526775782 8811]
[ 3000000 games |  7503s] eval(N=1000): mean=   25023 median=  22974 max=   86640 | 3072= 0.0% 6144= 0.0% | touched [558146473 634306076 10583]
[ 3500000 games |  8726s] eval(N=1000): mean=   25533 median=  23013 max=   87930 | 3072= 0.0% 6144= 0.0% | touched [649901755 742580521 11846]
[ 4000000 games |  9953s] eval(N=1000): mean=   26676 median=  23148 max=   88845 | 3072= 0.0% 6144= 0.0% | touched [741243448 851919733 13917]
[ 4500000 games | 11192s] eval(N=1000): mean=   25401 median=  23001 max=   88296 | 3072= 0.0% 6144= 0.0% | touched [832279772 961845326 15607]
[ 5000000 games | 12390s] eval(N=1000): mean=   26475 median=  23001 max=   86172 | 3072= 0.0% 6144= 0.0% | touched [923073585 1072363948 17747]
[ 5500000 games | 13616s] eval(N=1000): mean=   26753 median=  23391 max=   85608 | 3072= 0.0% 6144= 0.0% | touched [1013746516 1183197394 19399]
[ 6000000 games | 14838s] eval(N=1000): mean=   25448 median=  23055 max=   88557 | 3072= 0.0% 6144= 0.0% | touched [1104268859 1294184545 21095]
[ 6500000 games | 16046s] eval(N=1000): mean=   25760 median=  23160 max=  178614 | 3072= 0.1% 6144= 0.0% | touched [1194708440 1405698317 22781]
[ 7000000 games | 17252s] eval(N=1000): mean=   26144 median=  23457 max=   89799 | 3072= 0.0% 6144= 0.0% | touched [1285091269 1517604572 24809]
[ 7500000 games | 18469s] eval(N=1000): mean=   25427 median=  22962 max=   89874 | 3072= 0.0% 6144= 0.0% | touched [1375350883 1629603592 26841]
[ 8000000 games | 19739s] eval(N=1000): mean=   25705 median=  22992 max=   85509 | 3072= 0.0% 6144= 0.0% | touched [1465551488 1741793381 27918]
[ 8500000 games | 20984s] eval(N=1000): mean=   27133 median=  23457 max=   88422 | 3072= 0.0% 6144= 0.0% | touched [1555772369 1853976038 29491]
[ 9000000 games | 22250s] eval(N=1000): mean=   26247 median=  23052 max=   86286 | 3072= 0.0% 6144= 0.0% | touched [1645935445 1966027831 32329]
[ 9500000 games | 23520s] eval(N=1000): mean=   26836 median=  23700 max=   86142 | 3072= 0.0% 6144= 0.0% | touched [1736032330 2078386712 34529]
[10000000 games | 24797s] eval(N=1000): mean=   25861 median=  23208 max=   88074 | 3072= 0.0% 6144= 0.0% | touched [1826168799 2191024861 36349]
[10500000 games | 26068s] eval(N=1000): mean=   25968 median=  23049 max=   88494 | 3072= 0.0% 6144= 0.0% | touched [1916276094 2303647365 38678]
[11000000 games | 27330s] eval(N=1000): mean=   26511 median=  23151 max=   88539 | 3072= 0.0% 6144= 0.0% | touched [2006264427 2416212454 40962]
[11500000 games | 28613s] eval(N=1000): mean=   26366 median=  23133 max=   92274 | 3072= 0.0% 6144= 0.0% | touched [2096235554 2528940231 42840]
[12000000 games | 29879s] eval(N=1000): mean=   25986 median=  23061 max=   83502 | 3072= 0.0% 6144= 0.0% | touched [2186199408 2641793137 44672]
[12500000 games | 31134s] eval(N=1000): mean=   26956 median=  23346 max=   84216 | 3072= 0.0% 6144= 0.0% | touched [2276127363 2754642816 46836]
[13000000 games | 32390s] eval(N=1000): mean=   26132 median=  23151 max=   88581 | 3072= 0.0% 6144= 0.0% | touched [2366008801 2867763470 48912]
[13500000 games | 33636s] eval(N=1000): mean=   25715 median=  23025 max=   87717 | 3072= 0.0% 6144= 0.0% | touched [2455844905 2980709773 51744]
[14000000 games | 34905s] eval(N=1000): mean=   26981 median=  23250 max=   85857 | 3072= 0.0% 6144= 0.0% | touched [2545655462 3093830803 53793]
[14500000 games | 36161s] eval(N=1000): mean=   25556 median=  23004 max=   86661 | 3072= 0.0% 6144= 0.0% | touched [2635436905 3207126282 56095]
[15000000 games | 37446s] eval(N=1000): mean=   25916 median=  23073 max=   88293 | 3072= 0.0% 6144= 0.0% | touched [2725153892 3320514408 57591]
[15500000 games | 38701s] eval(N=1000): mean=   26147 median=  23271 max=   86349 | 3072= 0.0% 6144= 0.0% | touched [2814872461 3434178505 59520]
[16000000 games | 39966s] eval(N=1000): mean=   26529 median=  23238 max=   86538 | 3072= 0.0% 6144= 0.0% | touched [2904544210 3547917069 62028]
[16500000 games | 41255s] eval(N=1000): mean=   27139 median=  23544 max=   85701 | 3072= 0.0% 6144= 0.0% | touched [2994218838 3661410996 64609]
[17000000 games | 42537s] eval(N=1000): mean=   26981 median=  23637 max=   86133 | 3072= 0.0% 6144= 0.0% | touched [3083960988 3774925943 67147]
[17500000 games | 43822s] eval(N=1000): mean=   27147 median=  23226 max=   88575 | 3072= 0.0% 6144= 0.0% | touched [3173647415 3888243167 69916]
[18000000 games | 45116s] eval(N=1000): mean=   26477 median=  23109 max=   88803 | 3072= 0.0% 6144= 0.0% | touched [3263336923 4002230233 72309]
[18500000 games | 46391s] eval(N=1000): mean=   26445 median=  23136 max=  186735 | 3072= 0.1% 6144= 0.0% | touched [3353005522 4115982737 75007]
[19000000 games | 47666s] eval(N=1000): mean=   26460 median=  23223 max=   82248 | 3072= 0.0% 6144= 0.0% | touched [3442622921 4229918797 77250]
[19500000 games | 48939s] eval(N=1000): mean=   26389 median=  23061 max=   85776 | 3072= 0.0% 6144= 0.0% | touched [3532291390 4343989493 79899]
[20000000 games | 50240s] eval(N=1000): mean=   28009 median=  23538 max=   87213 | 3072= 0.0% 6144= 0.0% | touched [3621975928 4457956301 82464]
Done in 50257s. Stages saved to models/ntuple_ms.stage{0..2}.gob
Done. Compare to the single-net ceiling: T7 big 23,507 / 0.0% @3072.
Stage files: models/ntuple_ms.stage*.gob
