nohup: ignoring input
Training 10000000 games, alpha=0.100, 4 tuples, eval seeds 1..1000 (train seeds from 10000000)
[       0 games |     0s] eval(N=1000): mean=     627 median=    468 max=    3627 | 3072= 0.0% 6144= 0.0%
[  200000 games |   170s] eval(N=1000): mean=    6220 median=   4857 max=   31209 | 3072= 0.0% 6144= 0.0%
[  400000 games |   414s] eval(N=1000): mean=    8190 median=   7917 max=   60147 | 3072= 0.0% 6144= 0.0%
[  600000 games |   677s] eval(N=1000): mean=    8884 median=   8202 max=   29805 | 3072= 0.0% 6144= 0.0%
[  800000 games |   949s] eval(N=1000): mean=   10283 median=   9213 max=   60348 | 3072= 0.0% 6144= 0.0%
[ 1000000 games |  1232s] eval(N=1000): mean=   11118 median=   9321 max=   68595 | 3072= 0.0% 6144= 0.0%
[ 1200000 games |  1525s] eval(N=1000): mean=   12269 median=   9525 max=   63105 | 3072= 0.0% 6144= 0.0%
[ 1400000 games |  1826s] eval(N=1000): mean=   12724 median=   9621 max=   62343 | 3072= 0.0% 6144= 0.0%
[ 1600000 games |  2136s] eval(N=1000): mean=   13098 median=   9855 max=   69078 | 3072= 0.0% 6144= 0.0%
[ 1800000 games |  2456s] eval(N=1000): mean=   14581 median=   9903 max=   69072 | 3072= 0.0% 6144= 0.0%
[ 2000000 games |  2775s] eval(N=1000): mean=   14078 median=   9864 max=   67308 | 3072= 0.0% 6144= 0.0%
[ 2200000 games |  3097s] eval(N=1000): mean=   14183 median=   9885 max=   81141 | 3072= 0.0% 6144= 0.0%
[ 2400000 games |  3435s] eval(N=1000): mean=   15520 median=  10047 max=   79869 | 3072= 0.0% 6144= 0.0%
[ 2600000 games |  3776s] eval(N=1000): mean=   15304 median=   9960 max=   69630 | 3072= 0.0% 6144= 0.0%
[ 2800000 games |  4119s] eval(N=1000): mean=   14915 median=   9960 max=   65976 | 3072= 0.0% 6144= 0.0%
[ 3000000 games |  4462s] eval(N=1000): mean=   15055 median=   9954 max=   69630 | 3072= 0.0% 6144= 0.0%
[ 3200000 games |  4809s] eval(N=1000): mean=   15571 median=  10089 max=   71061 | 3072= 0.0% 6144= 0.0%
[ 3400000 games |  5157s] eval(N=1000): mean=   15407 median=  10107 max=   70383 | 3072= 0.0% 6144= 0.0%
[ 3600000 games |  5507s] eval(N=1000): mean=   16260 median=  10629 max=   68940 | 3072= 0.0% 6144= 0.0%
[ 3800000 games |  5859s] eval(N=1000): mean=   16066 median=  10152 max=   87822 | 3072= 0.0% 6144= 0.0%
[ 4000000 games |  6211s] eval(N=1000): mean=   16813 median=  19866 max=   82737 | 3072= 0.0% 6144= 0.0%
[ 4200000 games |  6555s] eval(N=1000): mean=   16139 median=  10182 max=   85773 | 3072= 0.0% 6144= 0.0%
[ 4400000 games |  6903s] eval(N=1000): mean=   16339 median=  10482 max=   80160 | 3072= 0.0% 6144= 0.0%
[ 4600000 games |  7253s] eval(N=1000): mean=   16643 median=  19815 max=   69627 | 3072= 0.0% 6144= 0.0%
[ 4800000 games |  7606s] eval(N=1000): mean=   16601 median=  10581 max=   69147 | 3072= 0.0% 6144= 0.0%
[ 5000000 games |  7963s] eval(N=1000): mean=   17717 median=  20643 max=   82032 | 3072= 0.0% 6144= 0.0%
[ 5200000 games |  8321s] eval(N=1000): mean=   17200 median=  13464 max=   73599 | 3072= 0.0% 6144= 0.0%
[ 5400000 games |  8678s] eval(N=1000): mean=   17823 median=  20895 max=   81945 | 3072= 0.0% 6144= 0.0%
[ 5600000 games |  9038s] eval(N=1000): mean=   17737 median=  20772 max=   87063 | 3072= 0.0% 6144= 0.0%
[ 5800000 games |  9408s] eval(N=1000): mean=   18939 median=  21336 max=   73338 | 3072= 0.0% 6144= 0.0%
[ 6000000 games |  9784s] eval(N=1000): mean=   18234 median=  20850 max=   81993 | 3072= 0.0% 6144= 0.0%
[ 6200000 games | 10161s] eval(N=1000): mean=   18214 median=  20778 max=   73119 | 3072= 0.0% 6144= 0.0%
[ 6400000 games | 10535s] eval(N=1000): mean=   19159 median=  21240 max=   71115 | 3072= 0.0% 6144= 0.0%
[ 6600000 games | 10906s] eval(N=1000): mean=   18429 median=  20805 max=   81819 | 3072= 0.0% 6144= 0.0%
[ 6800000 games | 11279s] eval(N=1000): mean=   18154 median=  20643 max=   85869 | 3072= 0.0% 6144= 0.0%
[ 7000000 games | 11652s] eval(N=1000): mean=   18420 median=  20805 max=   86478 | 3072= 0.0% 6144= 0.0%
[ 7200000 games | 12025s] eval(N=1000): mean=   19674 median=  21420 max=   86565 | 3072= 0.0% 6144= 0.0%
[ 7400000 games | 12406s] eval(N=1000): mean=   20279 median=  22098 max=   73143 | 3072= 0.0% 6144= 0.0%
[ 7600000 games | 12788s] eval(N=1000): mean=   18126 median=  20715 max=   83505 | 3072= 0.0% 6144= 0.0%
[ 7800000 games | 13173s] eval(N=1000): mean=   19896 median=  21267 max=   79815 | 3072= 0.0% 6144= 0.0%
[ 8000000 games | 13558s] eval(N=1000): mean=   20200 median=  21594 max=   83250 | 3072= 0.0% 6144= 0.0%
[ 8200000 games | 13940s] eval(N=1000): mean=   19424 median=  21036 max=   88311 | 3072= 0.0% 6144= 0.0%
[ 8400000 games | 14319s] eval(N=1000): mean=   20000 median=  20871 max=   88011 | 3072= 0.0% 6144= 0.0%
[ 8600000 games | 14693s] eval(N=1000): mean=   19396 median=  21063 max=   81249 | 3072= 0.0% 6144= 0.0%
[ 8800000 games | 15069s] eval(N=1000): mean=   20023 median=  20964 max=   81516 | 3072= 0.0% 6144= 0.0%
[ 9000000 games | 15448s] eval(N=1000): mean=   20522 median=  21051 max=   82503 | 3072= 0.0% 6144= 0.0%
[ 9200000 games | 15827s] eval(N=1000): mean=   21371 median=  21603 max=   83472 | 3072= 0.0% 6144= 0.0%
[ 9400000 games | 16210s] eval(N=1000): mean=   21324 median=  21786 max=   86424 | 3072= 0.0% 6144= 0.0%
[ 9600000 games | 16596s] eval(N=1000): mean=   20879 median=  21141 max=   81240 | 3072= 0.0% 6144= 0.0%
[ 9800000 games | 16985s] eval(N=1000): mean=   20973 median=  21303 max=   82023 | 3072= 0.0% 6144= 0.0%
[10000000 games | 17375s] eval(N=1000): mean=   20968 median=  21507 max=   88086 | 3072= 0.0% 6144= 0.0%
Done in 17380s. Network saved to models/ntuple_big.gob
